------------------------------------------------------------
Timing Analyzer Summary
------------------------------------------------------------

Type  : Slow 1100mV 100C Model Setup 'gpio_1[13]'
Slack : -0.350
TNS   : -1.646

Type  : Slow 1100mV 100C Model Hold 'gpio_1[13]'
Slack : 0.338
TNS   : 0.000

Type  : Slow 1100mV 100C Model Minimum Pulse Width 'gpio_1[13]'
Slack : -0.538
TNS   : -3.921

Type  : Slow 1100mV -40C Model Setup 'gpio_1[13]'
Slack : -0.406
TNS   : -1.916

Type  : Slow 1100mV -40C Model Hold 'gpio_1[13]'
Slack : 0.332
TNS   : 0.000

Type  : Slow 1100mV -40C Model Minimum Pulse Width 'gpio_1[13]'
Slack : -0.538
TNS   : -4.156

Type  : Fast 1100mV 100C Model Setup 'gpio_1[13]'
Slack : 0.303
TNS   : 0.000

Type  : Fast 1100mV 100C Model Hold 'gpio_1[13]'
Slack : 0.170
TNS   : 0.000

Type  : Fast 1100mV 100C Model Minimum Pulse Width 'gpio_1[13]'
Slack : -0.085
TNS   : -0.422

Type  : Fast 1100mV -40C Model Setup 'gpio_1[13]'
Slack : 0.344
TNS   : 0.000

Type  : Fast 1100mV -40C Model Hold 'gpio_1[13]'
Slack : 0.151
TNS   : 0.000

Type  : Fast 1100mV -40C Model Minimum Pulse Width 'gpio_1[13]'
Slack : -0.084
TNS   : -0.416

------------------------------------------------------------
