------------------------------------------------------------
Timing Analyzer Summary
------------------------------------------------------------

Type  : Slow 1100mV 100C Model Setup 'fpga_clk1_50'
Slack : -5.566
TNS   : -137.589

Type  : Slow 1100mV 100C Model Setup 'lcd:LCD_DESIGN|lcd_clk'
Slack : -1.906
TNS   : -26.156

Type  : Slow 1100mV 100C Model Hold 'fpga_clk1_50'
Slack : 0.438
TNS   : 0.000

Type  : Slow 1100mV 100C Model Hold 'lcd:LCD_DESIGN|lcd_clk'
Slack : 0.815
TNS   : 0.000

Type  : Slow 1100mV 100C Model Minimum Pulse Width 'fpga_clk1_50'
Slack : -0.538
TNS   : -36.261

Type  : Slow 1100mV 100C Model Minimum Pulse Width 'lcd:LCD_DESIGN|lcd_clk'
Slack : -0.538
TNS   : -14.990

Type  : Slow 1100mV -40C Model Setup 'fpga_clk1_50'
Slack : -5.756
TNS   : -132.978

Type  : Slow 1100mV -40C Model Setup 'lcd:LCD_DESIGN|lcd_clk'
Slack : -1.926
TNS   : -25.843

Type  : Slow 1100mV -40C Model Hold 'fpga_clk1_50'
Slack : 0.461
TNS   : 0.000

Type  : Slow 1100mV -40C Model Hold 'lcd:LCD_DESIGN|lcd_clk'
Slack : 0.747
TNS   : 0.000

Type  : Slow 1100mV -40C Model Minimum Pulse Width 'fpga_clk1_50'
Slack : -0.538
TNS   : -38.886

Type  : Slow 1100mV -40C Model Minimum Pulse Width 'lcd:LCD_DESIGN|lcd_clk'
Slack : -0.538
TNS   : -14.862

Type  : Fast 1100mV 100C Model Setup 'fpga_clk1_50'
Slack : -3.034
TNS   : -48.393

Type  : Fast 1100mV 100C Model Setup 'lcd:LCD_DESIGN|lcd_clk'
Slack : -0.773
TNS   : -9.623

Type  : Fast 1100mV 100C Model Hold 'fpga_clk1_50'
Slack : 0.204
TNS   : 0.000

Type  : Fast 1100mV 100C Model Hold 'lcd:LCD_DESIGN|lcd_clk'
Slack : 0.306
TNS   : 0.000

Type  : Fast 1100mV 100C Model Minimum Pulse Width 'fpga_clk1_50'
Slack : -0.320
TNS   : -4.121

Type  : Fast 1100mV 100C Model Minimum Pulse Width 'lcd:LCD_DESIGN|lcd_clk'
Slack : 0.095
TNS   : 0.000

Type  : Fast 1100mV -40C Model Setup 'fpga_clk1_50'
Slack : -2.427
TNS   : -38.149

Type  : Fast 1100mV -40C Model Setup 'lcd:LCD_DESIGN|lcd_clk'
Slack : -0.586
TNS   : -6.927

Type  : Fast 1100mV -40C Model Hold 'fpga_clk1_50'
Slack : 0.188
TNS   : 0.000

Type  : Fast 1100mV -40C Model Hold 'lcd:LCD_DESIGN|lcd_clk'
Slack : 0.253
TNS   : 0.000

Type  : Fast 1100mV -40C Model Minimum Pulse Width 'fpga_clk1_50'
Slack : -0.314
TNS   : -4.046

Type  : Fast 1100mV -40C Model Minimum Pulse Width 'lcd:LCD_DESIGN|lcd_clk'
Slack : 0.118
TNS   : 0.000

------------------------------------------------------------
